// Jest Snapshot v1, https://goo.gl/fbAQLP

exports[`Text should render a Text component 1`] = `
<p
  className="text"
>
  Hello World!
</p>
`;
